00:00 +0: loading C:/Users/chait/Projects/chess/test/bug_fixes_test.dart
00:00 +0: Bug Fix Tests Rapid Moves Race Condition (TEST A) SimpleBotService handles rapid move requests
00:04 +1: Bug Fix Tests New Game Safety (TEST B) StockfishService newGame sends ucinewgame
00:04 +2: Bug Fix Tests New Game Safety (TEST B) Engine reset does not crash on rapid new game calls
00:04 +3: Bug Fix Tests Fallback Engine Depth Cap (TEST C) SimpleBotService depth is capped at 4, completes under 1 second
00:08 +3 -1: Bug Fix Tests Fallback Engine Depth Cap (TEST C) SimpleBotService depth is capped at 4, completes under 1 second [E]
  Expected: a value less than <1000>
    Actual: <3564>
     Which: is not a value less than <1000>
  
  package:matcher                                     expect
  package:flutter_test/src/widget_tester.dart 474:18  expect
  test\bug_fixes_test.dart 85:9                       main.<fn>.<fn>.<fn>
  
00:08 +3 -1: Bug Fix Tests Fallback Engine Depth Cap (TEST C) SimpleBotService at depth 4 returns valid move from midgame
00:19 +3 -2: Bug Fix Tests Fallback Engine Depth Cap (TEST C) SimpleBotService at depth 4 returns valid move from midgame [E]
  Expected: a value less than <1000>
    Actual: <11153>
     Which: is not a value less than <1000>
  
  package:matcher                                     expect
  package:flutter_test/src/widget_tester.dart 474:18  expect
  test\bug_fixes_test.dart 103:9                      main.<fn>.<fn>.<fn>
  
00:19 +3 -2: Bug Fix Tests Fallback Engine Depth Cap (TEST C) LightweightEngineService depth is capped at 4, completes under 1 second
00:19 +4 -2: Bug Fix Tests Fallback Engine Depth Cap (TEST C) LightweightEngineService at depth 4 returns valid move from midgame
00:39 +4 -3: Bug Fix Tests Fallback Engine Depth Cap (TEST C) LightweightEngineService at depth 4 returns valid move from midgame [E]
  Expected: a value less than <1000>
    Actual: <20537>
     Which: is not a value less than <1000>
  
  package:matcher                                     expect
  package:flutter_test/src/widget_tester.dart 474:18  expect
  test\bug_fixes_test.dart 136:9                      main.<fn>.<fn>.<fn>
  
00:39 +4 -3: Bug Fix Tests Analysis Guard (TEST D) Concurrent analyze calls are prevented
00:40 +5 -3: Bug Fix Tests Analysis Guard (TEST D) Stop analysis clears guard flag
00:41 +6 -3: Some tests failed.
